admin-web/src/main.tsx(4,17): error TS5097: An import path can only end with a '.tsx' extension when 'allowImportingTsExtensions' is enabled.
backend/prisma.config.ts(4,30): error TS2307: Cannot find module 'prisma/config' or its corresponding type declarations.
backend/test.ts(1,19): error TS7016: Could not find a declaration file for module 'node-fetch'. 'D:/Users/om0886/Desktop/mongain/node_modules/node-fetch/lib/index.js' implicitly has an 'any' type.
  Try `npm i --save-dev @types/node-fetch` if it exists or add a new declaration (.d.ts) file containing `declare module 'node-fetch';`
src/app/agent-withdraw.tsx(25,13): error TS2339: Property 'COLORS' does not exist on type '{ readonly primary: "#1DC5E9"; readonly background: "#f8f9fe"; readonly surface: "#ffffff"; readonly textPrimary: "#1a1d2e"; readonly textSecondary: "#6b7280"; readonly textHeader: "#ffffff"; readonly border: "#e5e7eb"; readonly error: "#E11D48"; readonly success: "#059669"; readonly remaining: "#F3F4F6"; } | { ...; }'.
src/app/explore.tsx(49,27): error TS2322: Type '"backgroundElement"' is not assignable to type '"error" | "primary" | "background" | "surface" | "textPrimary" | "textSecondary" | "textHeader" | "border" | "success" | "remaining" | undefined'.
src/app/explore.tsx(52,36): error TS2339: Property 'text' does not exist on type '{ readonly primary: "#1DC5E9"; readonly background: "#f8f9fe"; readonly surface: "#ffffff"; readonly textPrimary: "#1a1d2e"; readonly textSecondary: "#6b7280"; readonly textHeader: "#ffffff"; readonly border: "#e5e7eb"; readonly error: "#E11D48"; readonly success: "#059669"; readonly remaining: "#F3F4F6"; } | { ...; }'.
  Property 'text' does not exist on type '{ readonly primary: "#1DC5E9"; readonly background: "#f8f9fe"; readonly surface: "#ffffff"; readonly textPrimary: "#1a1d2e"; readonly textSecondary: "#6b7280"; readonly textHeader: "#ffffff"; readonly border: "#e5e7eb"; readonly error: "#E11D48"; readonly success: "#059669"; readonly remaining: "#F3F4F6"; }'.
src/app/explore.tsx(77,25): error TS2322: Type '"backgroundElement"' is not assignable to type '"error" | "primary" | "background" | "surface" | "textPrimary" | "textSecondary" | "textHeader" | "border" | "success" | "remaining" | undefined'.
src/app/transfer-confirm.tsx(144,47): error TS18047: 'success' is possibly 'null'.
src/app/transfer-confirm.tsx(195,129): error TS2339: Property 'border' does not exist on type '{ primary: string; surface: string; background: string; textPrimary: string; textSecondary: string; error: string; success: string; }'.
src/app/withdraw.tsx(22,13): error TS2339: Property 'COLORS' does not exist on type '{ readonly primary: "#1DC5E9"; readonly background: "#f8f9fe"; readonly surface: "#ffffff"; readonly textPrimary: "#1a1d2e"; readonly textSecondary: "#6b7280"; readonly textHeader: "#ffffff"; readonly border: "#e5e7eb"; readonly error: "#E11D48"; readonly success: "#059669"; readonly remaining: "#F3F4F6"; } | { ...; }'.
src/app/withdraw.tsx(22,21): error TS2339: Property 'isDark' does not exist on type '{ readonly primary: "#1DC5E9"; readonly background: "#f8f9fe"; readonly surface: "#ffffff"; readonly textPrimary: "#1a1d2e"; readonly textSecondary: "#6b7280"; readonly textHeader: "#ffffff"; readonly border: "#e5e7eb"; readonly error: "#E11D48"; readonly success: "#059669"; readonly remaining: "#F3F4F6"; } | { ...; }'.
src/components/app-tabs.tsx(13,30): error TS2339: Property 'backgroundElement' does not exist on type '{ readonly primary: "#1DC5E9"; readonly background: "#f8f9fe"; readonly surface: "#ffffff"; readonly textPrimary: "#1a1d2e"; readonly textSecondary: "#6b7280"; readonly textHeader: "#ffffff"; readonly border: "#e5e7eb"; readonly error: "#E11D48"; readonly success: "#059669"; readonly remaining: "#F3F4F6"; } | { ...; }'.
  Property 'backgroundElement' does not exist on type '{ readonly primary: "#1DC5E9"; readonly background: "#f8f9fe"; readonly surface: "#ffffff"; readonly textPrimary: "#1a1d2e"; readonly textSecondary: "#6b7280"; readonly textHeader: "#ffffff"; readonly border: "#e5e7eb"; readonly error: "#E11D48"; readonly success: "#059669"; readonly remaining: "#F3F4F6"; }'.
src/components/app-tabs.tsx(14,47): error TS2339: Property 'text' does not exist on type '{ readonly primary: "#1DC5E9"; readonly background: "#f8f9fe"; readonly surface: "#ffffff"; readonly textPrimary: "#1a1d2e"; readonly textSecondary: "#6b7280"; readonly textHeader: "#ffffff"; readonly border: "#e5e7eb"; readonly error: "#E11D48"; readonly success: "#059669"; readonly remaining: "#F3F4F6"; } | { ...; }'.
  Property 'text' does not exist on type '{ readonly primary: "#1DC5E9"; readonly background: "#f8f9fe"; readonly surface: "#ffffff"; readonly textPrimary: "#1a1d2e"; readonly textSecondary: "#6b7280"; readonly textHeader: "#ffffff"; readonly border: "#e5e7eb"; readonly error: "#E11D48"; readonly success: "#059669"; readonly remaining: "#F3F4F6"; }'.
src/components/app-tabs.web.tsx(40,9): error TS2322: Type '"backgroundElement" | "backgroundSelected"' is not assignable to type '"error" | "primary" | "background" | "surface" | "textPrimary" | "textSecondary" | "textHeader" | "border" | "success" | "remaining" | undefined'.
  Type '"backgroundElement"' is not assignable to type '"error" | "primary" | "background" | "surface" | "textPrimary" | "textSecondary" | "textHeader" | "border" | "success" | "remaining" | undefined'.
src/components/app-tabs.web.tsx(42,34): error TS2322: Type '"textSecondary" | "text"' is not assignable to type '"error" | "primary" | "background" | "surface" | "textPrimary" | "textSecondary" | "textHeader" | "border" | "success" | "remaining" | undefined'.
  Type '"text"' is not assignable to type '"error" | "primary" | "background" | "surface" | "textPrimary" | "textSecondary" | "textHeader" | "border" | "success" | "remaining" | undefined'.
src/components/app-tabs.web.tsx(56,19): error TS2322: Type '"backgroundElement"' is not assignable to type '"error" | "primary" | "background" | "surface" | "textPrimary" | "textSecondary" | "textHeader" | "border" | "success" | "remaining" | undefined'.
src/components/app-tabs.web.tsx(67,33): error TS2339: Property 'text' does not exist on type '{ readonly primary: "#1DC5E9"; readonly background: "#f8f9fe"; readonly surface: "#ffffff"; readonly textPrimary: "#1a1d2e"; readonly textSecondary: "#6b7280"; readonly textHeader: "#ffffff"; readonly border: "#e5e7eb"; readonly error: "#E11D48"; readonly success: "#059669"; readonly remaining: "#F3F4F6"; } | { ...; }'.
  Property 'text' does not exist on type '{ readonly primary: "#1DC5E9"; readonly background: "#f8f9fe"; readonly surface: "#ffffff"; readonly textPrimary: "#1a1d2e"; readonly textSecondary: "#6b7280"; readonly textHeader: "#ffffff"; readonly border: "#e5e7eb"; readonly error: "#E11D48"; readonly success: "#059669"; readonly remaining: "#F3F4F6"; }'.
src/components/hint-row.tsx(18,19): error TS2322: Type '"backgroundSelected"' is not assignable to type '"error" | "primary" | "background" | "surface" | "textPrimary" | "textSecondary" | "textHeader" | "border" | "success" | "remaining" | undefined'.
src/components/themed-text.tsx(17,18): error TS7053: Element implicitly has an 'any' type because expression of type '"error" | "primary" | "background" | "surface" | "textPrimary" | "textSecondary" | "textHeader" | "border" | "success" | "remaining" | "text"' can't be used to index type '{ readonly primary: "#1DC5E9"; readonly background: "#f8f9fe"; readonly surface: "#ffffff"; readonly textPrimary: "#1a1d2e"; readonly textSecondary: "#6b7280"; readonly textHeader: "#ffffff"; readonly border: "#e5e7eb"; readonly error: "#E11D48"; readonly success: "#059669"; readonly remaining: "#F3F4F6"; } | { ...; }'.
  Property 'text' does not exist on type '{ readonly primary: "#1DC5E9"; readonly background: "#f8f9fe"; readonly surface: "#ffffff"; readonly textPrimary: "#1a1d2e"; readonly textSecondary: "#6b7280"; readonly textHeader: "#ffffff"; readonly border: "#e5e7eb"; readonly error: "#E11D48"; readonly success: "#059669"; readonly remaining: "#F3F4F6"; } | { ...; }'.
src/components/ui/collapsible.tsx(20,21): error TS2322: Type '"backgroundElement"' is not assignable to type '"error" | "primary" | "background" | "surface" | "textPrimary" | "textSecondary" | "textHeader" | "border" | "success" | "remaining" | undefined'.
src/components/ui/collapsible.tsx(25,30): error TS2339: Property 'text' does not exist on type '{ readonly primary: "#1DC5E9"; readonly background: "#f8f9fe"; readonly surface: "#ffffff"; readonly textPrimary: "#1a1d2e"; readonly textSecondary: "#6b7280"; readonly textHeader: "#ffffff"; readonly border: "#e5e7eb"; readonly error: "#E11D48"; readonly success: "#059669"; readonly remaining: "#F3F4F6"; } | { ...; }'.
  Property 'text' does not exist on type '{ readonly primary: "#1DC5E9"; readonly background: "#f8f9fe"; readonly surface: "#ffffff"; readonly textPrimary: "#1a1d2e"; readonly textSecondary: "#6b7280"; readonly textHeader: "#ffffff"; readonly border: "#e5e7eb"; readonly error: "#E11D48"; readonly success: "#059669"; readonly remaining: "#F3F4F6"; }'.
src/components/ui/collapsible.tsx(34,23): error TS2322: Type '"backgroundElement"' is not assignable to type '"error" | "primary" | "background" | "surface" | "textPrimary" | "textSecondary" | "textHeader" | "border" | "success" | "remaining" | undefined'.
